[up2client.com/envato/olivia/preview/one_page_design/olivia_spider/index.html]
[backblue.gif]
[fade.gif]
[index.html]
[up2client.com/envato/olivia/preview/one_page_design/assets/images/favicon.png]
[cdnjs.cloudflare.com/ajax/libs/font-awesome/6.4.2/css/all.min.css]
[cdnjs.cloudflare.com/ajax/libs/remixicon/3.6.0/remixicon.css]
[up2client.com/envato/olivia/preview/one_page_design/assets/css/swap.css]
[up2client.com/envato/olivia/preview/one_page_design/assets/css/magnific-popup.min.css]
[up2client.com/envato/olivia/preview/one_page_design/assets/css/boostrap.min.css]
[up2client.com/envato/olivia/preview/one_page_design/assets/css/slick.css]
[up2client.com/envato/olivia/preview/one_page_design/assets/css/media_query.css]
[up2client.com/envato/olivia/preview/one_page_design/assets/images/line-menu.png]
[up2client.com/envato/olivia/preview/one_page_design/assets/images/logo.png]
[up2client.com/envato/olivia/preview/one_page_design/assets/images/olivia-img.jpg]
[up2client.com/envato/olivia/preview/one_page_design/assets/images/circular_text.png]
[up2client.com/envato/olivia/preview/one_page_design/assets/css/style.css]
[up2client.com/envato/olivia/preview/one_page_design/assets/images/envato.png]
[up2client.com/envato/olivia/preview/one_page_design/assets/images/apple.png]
[up2client.com/envato/olivia/preview/one_page_design/assets/images/twitter.png]
[up2client.com/envato/olivia/preview/one_page_design/assets/images/ux.png]
[up2client.com/envato/olivia/preview/one_page_design/assets/images/android.png]
[up2client.com/envato/olivia/preview/one_page_design/assets/images/web.png]
[up2client.com/envato/olivia/preview/one_page_design/assets/images/marketing.png]
[up2client.com/envato/olivia/preview/one_page_design/assets/images/shopping_bag.png]
[up2client.com/envato/olivia/preview/one_page_design/assets/images/check.png]
[up2client.com/envato/olivia/preview/one_page_design/assets/images/figma.png]
[up2client.com/envato/olivia/preview/one_page_design/assets/images/bootstrap.png]
[up2client.com/envato/olivia/preview/one_page_design/assets/images/css.png]
[up2client.com/envato/olivia/preview/one_page_design/assets/images/flutter.png]
[up2client.com/envato/olivia/preview/one_page_design/assets/images/framer.png]
[up2client.com/envato/olivia/preview/one_page_design/assets/images/html.png]
[up2client.com/envato/olivia/preview/one_page_design/assets/images/wordpress.png]
[up2client.com/envato/olivia/preview/one_page_design/assets/images/kotline.png]
[up2client.com/envato/olivia/preview/one_page_design/assets/images/content_img.jpg]
[up2client.com/envato/olivia/preview/one_page_design/assets/images/food_app.jpg]
[up2client.com/envato/olivia/preview/one_page_design/assets/images/pocket_fm.jpg]
[up2client.com/envato/olivia/preview/one_page_design/assets/images/crypto_app_img.jpg]
[up2client.com/envato/olivia/preview/one_page_design/assets/images/city_3Dview.jpg]
[up2client.com/envato/olivia/preview/one_page_design/assets/images/bank_app.jpg]
[up2client.com/envato/olivia/preview/one_page_design/assets/images/testimonial_img.png]
[up2client.com/envato/olivia/preview/one_page_design/assets/images/collan.png]
[up2client.com/envato/olivia/preview/one_page_design/assets/images/rating.png]
[up2client.com/envato/olivia/preview/one_page_design/assets/images/testimonial_img2.png]
[up2client.com/envato/olivia/preview/one_page_design/assets/images/testimonial_img3.png]
[up2client.com/envato/olivia/preview/one_page_design/assets/images/testimonial_img4.png]
[up2client.com/envato/olivia/preview/one_page_design/assets/images/testimonial_img5.png]
[up2client.com/envato/olivia/preview/one_page_design/assets/images/portfolio_big_img.jpg]
[up2client.com/envato/olivia/preview/one_page_design/assets/images/project_sub_images1.jpg]
[up2client.com/envato/olivia/preview/one_page_design/assets/images/project_sub_images2.jpg]
[up2client.com/envato/olivia/preview/one_page_design/assets/images/blog_pop_up.png]
[up2client.com/envato/olivia/preview/one_page_design/assets/images/blog_slider_img1.png]
[up2client.com/envato/olivia/preview/one_page_design/assets/images/blog_slider_img2.png]
[up2client.com/envato/olivia/preview/one_page_design/assets/images/blog_slider_img3.png]
[up2client.com/envato/olivia/preview/one_page_design/assets/images/blog_slider_img4.png]
[up2client.com/envato/olivia/preview/one_page_design/assets/images/gallery_img1.png]
[up2client.com/envato/olivia/preview/one_page_design/assets/images/gallery_img2.png]
[up2client.com/envato/olivia/preview/one_page_design/assets/images/gallery_img3.png]
[up2client.com/envato/olivia/preview/one_page_design/assets/images/gallery_img4.png]
[up2client.com/envato/olivia/preview/one_page_design/assets/images/gallery_img5.png]
[up2client.com/envato/olivia/preview/one_page_design/assets/javascript/jquery.min.js]
[up2client.com/envato/olivia/preview/one_page_design/assets/javascript/magnific-popup.min.js]
[up2client.com/envato/olivia/preview/one_page_design/assets/javascript/progresscircle.js]
[up2client.com/envato/olivia/preview/one_page_design/assets/javascript/cursor.js]
[up2client.com/envato/olivia/preview/one_page_design/assets/javascript/bootstrap.bundle.min.js]
[up2client.com/envato/olivia/preview/one_page_design/assets/javascript/slick.min.js]
[up2client.com/envato/olivia/preview/one_page_design/assets/javascript/hexagon_animation/particles.min.js]
[up2client.com/envato/olivia/preview/one_page_design/assets/javascript/spider_animation/spider_animation.js]
[up2client.com/envato/olivia/preview/one_page_design/olivia_spider/index.html]
[cdnjs.cloudflare.com/ajax/libs/font-awesome/6.4.2/css/all.min.css]
[up2client.com/envato/olivia/preview/one_page_design/assets/javascript/script.js]
[cdnjs.cloudflare.com/ajax/libs/remixicon/3.6.0/remixiconca45.woff2]
[cdnjs.cloudflare.com/ajax/libs/remixicon/3.6.0/remixiconca45.eot]
[cdnjs.cloudflare.com/ajax/libs/remixicon/3.6.0/remixicon.css]
[up2client.com/envato/olivia/preview/one_page_design/assets/css/swap.css]
[up2client.com/envato/olivia/preview/one_page_design/assets/css/boostrap.min.css]
[up2client.com/envato/olivia/preview/one_page_design/assets/css/magnific-popup.min.css]
[up2client.com/envato/olivia/preview/one_page_design/assets/css/slick.css]
[cdnjs.cloudflare.com/ajax/libs/remixicon/3.6.0/remixiconca45.woff]
[up2client.com/envato/olivia/preview/one_page_design/assets/images/blog_img1.png]
[cdnjs.cloudflare.com/ajax/libs/remixicon/3.6.0/remixiconca45.ttf]
[cdnjs.cloudflare.com/ajax/libs/remixicon/3.6.0/remixiconca45.svg]
[up2client.com/envato/olivia/preview/one_page_design/assets/images/blog_img2.png]
[up2client.com/envato/olivia/preview/one_page_design/assets/images/blog_img3.png]
[up2client.com/envato/olivia/preview/one_page_design/assets/images/blog_img4.png]
[up2client.com/envato/olivia/preview/one_page_design/assets/images/blog_img5.png]
[up2client.com/envato/olivia/preview/one_page_design/assets/images/blog_img6.png]
[up2client.com/envato/olivia/preview/one_page_design/assets/css/style.css]
[up2client.com/envato/olivia/preview/one_page_design/assets/css/media_query.css]
[cdnjs.cloudflare.com/ajax/libs/remixicon/3.6.0/remixiconca45.svg]
